Archive member included to satisfy reference by file (symbol)

c:/program files (x86)/atmel/studio/7.0/toolchain/arm/arm-gnu-toolchain/bin/../lib/gcc/arm-none-eabi/6.3.1/../../../../arm-none-eabi/lib/thumb/v7e-m\libc_nano.a(lib_a-exit.o)
                              c:/program files (x86)/atmel/studio/7.0/toolchain/arm/arm-gnu-toolchain/bin/../lib/gcc/arm-none-eabi/6.3.1/../../../../arm-none-eabi/lib/thumb/v7e-m/crt0.o (exit)
c:/program files (x86)/atmel/studio/7.0/toolchain/arm/arm-gnu-toolchain/bin/../lib/gcc/arm-none-eabi/6.3.1/../../../../arm-none-eabi/lib/thumb/v7e-m\libc_nano.a(lib_a-impure.o)
                              c:/program files (x86)/atmel/studio/7.0/toolchain/arm/arm-gnu-toolchain/bin/../lib/gcc/arm-none-eabi/6.3.1/../../../../arm-none-eabi/lib/thumb/v7e-m\libc_nano.a(lib_a-exit.o) (_global_impure_ptr)
c:/program files (x86)/atmel/studio/7.0/toolchain/arm/arm-gnu-toolchain/bin/../lib/gcc/arm-none-eabi/6.3.1/../../../../arm-none-eabi/lib/thumb/v7e-m\libc_nano.a(lib_a-init.o)
                              c:/program files (x86)/atmel/studio/7.0/toolchain/arm/arm-gnu-toolchain/bin/../lib/gcc/arm-none-eabi/6.3.1/../../../../arm-none-eabi/lib/thumb/v7e-m/crt0.o (__libc_init_array)
c:/program files (x86)/atmel/studio/7.0/toolchain/arm/arm-gnu-toolchain/bin/../lib/gcc/arm-none-eabi/6.3.1/../../../../arm-none-eabi/lib/thumb/v7e-m\libc_nano.a(lib_a-memset.o)
                              c:/program files (x86)/atmel/studio/7.0/toolchain/arm/arm-gnu-toolchain/bin/../lib/gcc/arm-none-eabi/6.3.1/../../../../arm-none-eabi/lib/thumb/v7e-m/crt0.o (memset)
c:/program files (x86)/atmel/studio/7.0/toolchain/arm/arm-gnu-toolchain/bin/../lib/gcc/arm-none-eabi/6.3.1/../../../../arm-none-eabi/lib/thumb/v7e-m\libc_nano.a(lib_a-printf.o)
                              hal/utils/src/utils_syscalls.o (printf)
c:/program files (x86)/atmel/studio/7.0/toolchain/arm/arm-gnu-toolchain/bin/../lib/gcc/arm-none-eabi/6.3.1/../../../../arm-none-eabi/lib/thumb/v7e-m\libc_nano.a(lib_a-findfp.o)
                              c:/program files (x86)/atmel/studio/7.0/toolchain/arm/arm-gnu-toolchain/bin/../lib/gcc/arm-none-eabi/6.3.1/../../../../arm-none-eabi/lib/thumb/v7e-m\libc_nano.a(lib_a-printf.o) (__sinit)
c:/program files (x86)/atmel/studio/7.0/toolchain/arm/arm-gnu-toolchain/bin/../lib/gcc/arm-none-eabi/6.3.1/../../../../arm-none-eabi/lib/thumb/v7e-m\libc_nano.a(lib_a-fwalk.o)
                              c:/program files (x86)/atmel/studio/7.0/toolchain/arm/arm-gnu-toolchain/bin/../lib/gcc/arm-none-eabi/6.3.1/../../../../arm-none-eabi/lib/thumb/v7e-m\libc_nano.a(lib_a-findfp.o) (_fwalk)
c:/program files (x86)/atmel/studio/7.0/toolchain/arm/arm-gnu-toolchain/bin/../lib/gcc/arm-none-eabi/6.3.1/../../../../arm-none-eabi/lib/thumb/v7e-m\libc_nano.a(lib_a-nano-mallocr.o)
                              c:/program files (x86)/atmel/studio/7.0/toolchain/arm/arm-gnu-toolchain/bin/../lib/gcc/arm-none-eabi/6.3.1/../../../../arm-none-eabi/lib/thumb/v7e-m\libc_nano.a(lib_a-findfp.o) (_malloc_r)
c:/program files (x86)/atmel/studio/7.0/toolchain/arm/arm-gnu-toolchain/bin/../lib/gcc/arm-none-eabi/6.3.1/../../../../arm-none-eabi/lib/thumb/v7e-m\libc_nano.a(lib_a-nano-vfprintf.o)
                              c:/program files (x86)/atmel/studio/7.0/toolchain/arm/arm-gnu-toolchain/bin/../lib/gcc/arm-none-eabi/6.3.1/../../../../arm-none-eabi/lib/thumb/v7e-m\libc_nano.a(lib_a-printf.o) (_vfprintf_r)
c:/program files (x86)/atmel/studio/7.0/toolchain/arm/arm-gnu-toolchain/bin/../lib/gcc/arm-none-eabi/6.3.1/../../../../arm-none-eabi/lib/thumb/v7e-m\libc_nano.a(lib_a-nano-vfprintf_i.o)
                              c:/program files (x86)/atmel/studio/7.0/toolchain/arm/arm-gnu-toolchain/bin/../lib/gcc/arm-none-eabi/6.3.1/../../../../arm-none-eabi/lib/thumb/v7e-m\libc_nano.a(lib_a-nano-vfprintf.o) (_printf_i)
c:/program files (x86)/atmel/studio/7.0/toolchain/arm/arm-gnu-toolchain/bin/../lib/gcc/arm-none-eabi/6.3.1/../../../../arm-none-eabi/lib/thumb/v7e-m\libc_nano.a(lib_a-sbrkr.o)
                              c:/program files (x86)/atmel/studio/7.0/toolchain/arm/arm-gnu-toolchain/bin/../lib/gcc/arm-none-eabi/6.3.1/../../../../arm-none-eabi/lib/thumb/v7e-m\libc_nano.a(lib_a-nano-mallocr.o) (_sbrk_r)
c:/program files (x86)/atmel/studio/7.0/toolchain/arm/arm-gnu-toolchain/bin/../lib/gcc/arm-none-eabi/6.3.1/../../../../arm-none-eabi/lib/thumb/v7e-m\libc_nano.a(lib_a-stdio.o)
                              c:/program files (x86)/atmel/studio/7.0/toolchain/arm/arm-gnu-toolchain/bin/../lib/gcc/arm-none-eabi/6.3.1/../../../../arm-none-eabi/lib/thumb/v7e-m\libc_nano.a(lib_a-findfp.o) (__sread)
c:/program files (x86)/atmel/studio/7.0/toolchain/arm/arm-gnu-toolchain/bin/../lib/gcc/arm-none-eabi/6.3.1/../../../../arm-none-eabi/lib/thumb/v7e-m\libc_nano.a(lib_a-wbuf.o)
[...]
Memory Configuration

Name             Origin             Length             Attributes
rom              0x00400000         0x00200000         xr
ram              0x20400000         0x00060000         xrw
*default*        0x00000000         0xffffffff

Linker script and memory map

LOAD c:/program files (x86)/atmel/studio/7.0/toolchain/arm/arm-gnu-toolchain/bin/../lib/gcc/arm-none-eabi/6.3.1/thumb/v7e-m/crti.o
LOAD c:/program files (x86)/atmel/studio/7.0/toolchain/arm/arm-gnu-toolchain/bin/../lib/gcc/arm-none-eabi/6.3.1/thumb/v7e-m/crtbegin.o
LOAD c:/program files (x86)/atmel/studio/7.0/toolchain/arm/arm-gnu-toolchain/bin/../lib/gcc/arm-none-eabi/6.3.1/../../../../arm-none-eabi/lib/thumb/v7e-m/crt0.o
LOAD atmel_start.o
LOAD Device_Startup/startup_sams70j21.o
LOAD Device_Startup/system_sams70j21.o
LOAD driver_init.o
LOAD examples/driver_examples.o
LOAD hal/src/hal_atomic.o
LOAD hal/src/hal_delay.o
LOAD hal/src/hal_ext_irq.o
LOAD hal/src/hal_gpio.o
LOAD hal/src/hal_i2c_m_sync.o
LOAD hal/src/hal_init.o
LOAD hal/src/hal_io.o
LOAD hal/src/hal_sleep.o
LOAD hal/utils/src/utils_assert.o
LOAD hal/utils/src/utils_event.o
LOAD hal/utils/src/utils_list.o
LOAD hal/utils/src/utils_syscalls.o
LOAD hpl/core/hpl_core_m7_base.o
LOAD hpl/core/hpl_init.o
LOAD hpl/pio/hpl_pio_ext.o
LOAD hpl/pmc/hpl_pmc.o
LOAD hpl/pmc/hpl_sleep.o
LOAD hpl/systick/hpl_systick_ARMv7_base.o
LOAD hpl/twihs/hpl_twihs.o
LOAD hpl/xdmac/hpl_xdmac.o
LOAD main.o
START GROUP
LOAD c:/program files (x86)/atmel/studio/7.0/toolchain/arm/arm-gnu-toolchain/bin/../lib/gcc/arm-none-eabi/6.3.1/../../../../arm-none-eabi/lib/thumb/v7e-m\libm.a
END GROUP
START GROUP
LOAD c:/program files (x86)/atmel/studio/7.0/toolchain/arm/arm-gnu-toolchain/bin/../lib/gcc/arm-none-eabi/6.3.1/thumb/v7e-m\libgcc.a
LOAD c:/program files (x86)/atmel/studio/7.0/toolchain/arm/arm-gnu-toolchain/bin/../lib/gcc/arm-none-eabi/6.3.1/../../../../arm-none-eabi/lib/thumb/v7e-m\libc_nano.a
END GROUP
START GROUP
LOAD c:/program files (x86)/atmel/studio/7.0/toolchain/arm/arm-gnu-toolchain/bin/../lib/gcc/arm-none-eabi/6.3.1/thumb/v7e-m\libgcc.a
LOAD c:/program files (x86)/atmel/studio/7.0/toolchain/arm/arm-gnu-toolchain/bin/../lib/gcc/arm-none-eabi/6.3.1/../../../../arm-none-eabi/lib/thumb/v7e-m\libc_nano.a
END GROUP
LOAD c:/program files (x86)/atmel/studio/7.0/toolchain/arm/arm-gnu-toolchain/bin/../lib/gcc/arm-none-eabi/6.3.1/thumb/v7e-m/crtend.o
LOAD c:/program files (x86)/atmel/studio/7.0/toolchain/arm/arm-gnu-toolchain/bin/../lib/gcc/arm-none-eabi/6.3.1/thumb/v7e-m/crtn.o
                0x00000400                STACK_SIZE = DEFINED (STACK_SIZE)?STACK_SIZE:DEFINED (__stack_size__)?__stack_size__:0x400
                0x00000200                HEAP_SIZE = DEFINED (HEAP_SIZE)?HEAP_SIZE:DEFINED (__heap_size__)?__heap_size__:0x200

.text           0x00400000     0x1220
                0x00400000                . = ALIGN (0x4)
                0x00400000                _sfixed = .
 *(.vectors .vectors.*)
 .vectors       0x00400000      0x154 Device_Startup/startup_sams70j21.o
                0x00400000                exception_table
 *(.text .text.* .gnu.linkonce.t.*)
 .text          0x00400154       0x6c c:/program files (x86)/atmel/studio/7.0/toolchain/arm/arm-gnu-toolchain/bin/../lib/gcc/arm-none-eabi/6.3.1/thumb/v7e-m/crtbegin.o
 .text.atmel_start_init
                0x004001c0        0xc atmel_start.o
                0x004001c0                atmel_start_init
 .text.Dummy_Handler
                0x004001cc        0x2 Device_Startup/startup_sams70j21.o
                0x004001cc                DACC_Handler
                0x004001cc                SVCall_Handler
                0x004001cc                UART2_Handler
                0x004001cc                TRNG_Handler
                0x004001cc                HardFault_Handler
                0x004001cc                TC2_Handler
                0x004001cc                SysTick_Handler
                0x004001cc                AFEC1_Handler
                0x004001cc                PendSV_Handler
                0x004001cc                TC7_Handler
                0x004001cc                QSPI_Handler
                0x004001cc                NonMaskableInt_Handler
                0x004001cc                ISI_Handler
                0x004001cc                TC9_Handler
                0x004001cc                RSWDT_Handler
                0x004001cc                USART0_Handler
                0x004001cc                RTT_Handler
                0x004001cc                USBHS_Handler
                0x004001cc                IXC_Handler
                0x004001cc                PIOB_Handler
                0x004001cc                RTC_Handler
                0x004001cc                UsageFault_Handler
                0x004001cc                TC6_Handler
                0x004001cc                WDT_Handler
                0x004001cc                TC4_Handler
                0x004001cc                TC1_Handler
                0x004001cc                UART1_Handler
                0x004001cc                TC3_Handler
                0x004001cc                Dummy_Handler
                0x004001cc                TWIHS1_Handler
                0x004001cc                XDMAC_Handler
                0x004001cc                PWM1_Handler
                0x004001cc                USART1_Handler
                0x004001cc                PWM0_Handler
                0x004001cc                AFEC0_Handler
                0x004001cc                SSC_Handler
                0x004001cc                TC11_Handler
                0x004001cc                ACC_Handler
                0x004001cc                PMC_Handler
                0x004001cc                SUPC_Handler
                0x004001cc                TC8_Handler
                0x004001cc                EFC_Handler
                0x004001cc                TC10_Handler
                0x004001cc                UART0_Handler
                0x004001cc                FPU_Handler
                0x004001cc                BusFault_Handler
                0x004001cc                RSTC_Handler
                0x004001cc                TC0_Handler
                0x004001cc                MemoryManagement_Handler
                0x004001cc                DebugMonitor_Handler
                0x004001cc                TC5_Handler
                0x004001cc                ICM_Handler
                0x004001cc                AES_Handler
                0x004001cc                TWIHS0_Handler
 *fill*         0x004001ce        0x2 
 .text.Reset_Handler
                0x004001d0       0x68 Device_Startup/startup_sams70j21.o
                0x004001d0                Reset_Handler
 .text.HALL_IRQ_0_init
                0x00400238       0x3c driver_init.o
                0x00400238                HALL_IRQ_0_init
 .text.GPIOX_INT_init
                0x00400274       0x14 driver_init.o
                0x00400274                GPIOX_INT_init
 .text.I2C_0_PORT_init
                0x00400288       0x30 driver_init.o
                0x00400288                I2C_0_PORT_init
 .text.I2C_0_CLOCK_init
                0x004002b8       0x18 driver_init.o
                0x004002b8                I2C_0_CLOCK_init
 .text.I2C_0_init
                0x004002d0       0x28 driver_init.o
                0x004002d0                I2C_0_init
 .text.delay_driver_init
                0x004002f8       0x14 driver_init.o
                0x004002f8                delay_driver_init
 .text.system_init
                0x0040030c       0xc0 driver_init.o
                0x0040030c                system_init
 .text.atomic_enter_critical
                0x004003cc        0xe hal/src/hal_atomic.o
                0x004003cc                atomic_enter_critical
 .text.atomic_leave_critical
                0x004003da        0xc hal/src/hal_atomic.o
                0x004003da                atomic_leave_critical
 *fill*         0x004003e6        0x2 
 .text.delay_init
                0x004003e8       0x14 hal/src/hal_delay.o
                0x004003e8                delay_init
 .text.delay_ms
                0x004003fc       0x20 hal/src/hal_delay.o
                0x004003fc                delay_ms
 .text.process_ext_irq
                0x0040041c       0x44 hal/src/hal_ext_irq.o
 .text.ext_irq_init
                0x00400460       0x34 hal/src/hal_ext_irq.o
                0x00400460                ext_irq_init
 .text.ext_irq_register
                0x00400494       0xd0 hal/src/hal_ext_irq.o
                0x00400494                ext_irq_register
 .text.i2c_m_sync_write
                0x00400564       0x30 hal/src/hal_i2c_m_sync.o
 .text.i2c_m_sync_read
                0x00400594       0x30 hal/src/hal_i2c_m_sync.o
 .text.i2c_m_sync_init
                0x004005c4       0x40 hal/src/hal_i2c_m_sync.o
                0x004005c4                i2c_m_sync_init
 .text.i2c_m_sync_enable
                0x00400604        0xc hal/src/hal_i2c_m_sync.o
                0x00400604                i2c_m_sync_enable
 .text.i2c_m_sync_set_slaveaddr
                0x00400610       0x10 hal/src/hal_i2c_m_sync.o
                0x00400610                i2c_m_sync_set_slaveaddr
 .text.i2c_m_sync_cmd_write
                0x00400620       0x50 hal/src/hal_i2c_m_sync.o
                0x00400620                i2c_m_sync_cmd_write
 .text.i2c_m_sync_cmd_read
                0x00400670       0x50 hal/src/hal_i2c_m_sync.o
                0x00400670                i2c_m_sync_cmd_read
 .text.i2c_m_sync_get_io_descriptor
                0x004006c0        0x8 hal/src/hal_i2c_m_sync.o
                0x004006c0                i2c_m_sync_get_io_descriptor
 .text.io_read  0x004006c8       0x30 hal/src/hal_io.o
                0x004006c8                io_read
 .text.assert   0x004006f8        0x6 hal/utils/src/utils_assert.o
                0x004006f8                assert
 .text._get_cycles_for_ms
                0x004006fe       0x12 hpl/core/hpl_core_m7_base.o
                0x004006fe                _get_cycles_for_ms
 .text._init_chip
                0x00400710       0x54 hpl/core/hpl_init.o
                0x00400710                _init_chip
 .text._ffs     0x00400764       0x30 hpl/pio/hpl_pio_ext.o
 .text._ext_irq_handler
                0x00400794       0xb4 hpl/pio/hpl_pio_ext.o
 .text._pio_get_hardware_index
                0x00400848       0x28 hpl/pio/hpl_pio_ext.o
 .text._pio_get_index
                0x00400870       0x4c hpl/pio/hpl_pio_ext.o
 .text._pio_init
                0x004008bc       0xc8 hpl/pio/hpl_pio_ext.o
 .text.PIOD_Handler
                0x00400984        0xc hpl/pio/hpl_pio_ext.o
                0x00400984                PIOD_Handler
 .text.PIOA_Handler
                0x00400990        0xc hpl/pio/hpl_pio_ext.o
                0x00400990                PIOA_Handler
 .text._ext_irq_init
                0x0040099c       0x28 hpl/pio/hpl_pio_ext.o
                0x0040099c                _ext_irq_init
 .text._ext_irq_enable
                0x004009c4       0x60 hpl/pio/hpl_pio_ext.o
                0x004009c4                _ext_irq_enable
 .text._pmc_init_sources
                0x00400a24       0x50 hpl/pmc/hpl_pmc.o
 .text._pmc_init_master_clock
                0x00400a74       0x4c hpl/pmc/hpl_pmc.o
 .text._pmc_init
                0x00400ac0       0x14 hpl/pmc/hpl_pmc.o
                0x00400ac0                _pmc_init
 .text._system_time_init
                0x00400ad4       0x14 hpl/systick/hpl_systick_ARMv7_base.o
                0x00400ad4                _system_time_init
 .text._delay_init
                0x00400ae8        0xc hpl/systick/hpl_systick_ARMv7_base.o
                0x00400ae8                _delay_init
 .text._delay_cycles
                0x00400af4       0x40 hpl/systick/hpl_systick_ARMv7_base.o
                0x00400af4                _delay_cycles
 .text._get_i2cm_sync_cfg
                0x00400b34       0x38 hpl/twihs/hpl_twihs.o
 .text._i2c_m_sync_init
                0x00400b6c       0x48 hpl/twihs/hpl_twihs.o
                0x00400b6c                _i2c_m_sync_init
 .text._i2c_m_sync_enable
                0x00400bb4       0x24 hpl/twihs/hpl_twihs.o
                0x00400bb4                _i2c_m_sync_enable
 .text._i2c_m_sync_transfer
                0x00400bd8      0x168 hpl/twihs/hpl_twihs.o
                0x00400bd8                _i2c_m_sync_transfer
 .text.GpioX_INT_Triggered
                0x00400d40        0xc main.o
 .text.Hall_1_Trig
                0x00400d4c       0x24 main.o
 .text.Hall_2_Trig
                0x00400d70       0x24 main.o
 .text.Hall_3_Trig
                0x00400d94       0x24 main.o
 .text.InitI2C_0
                0x00400db8       0x24 main.o
                0x00400db8                InitI2C_0
 .text.I2C_0_write
                0x00400ddc       0x38 main.o
                0x00400ddc                I2C_0_write
 .text.GPIOxInt_True
                0x00400e14       0xc8 main.o
                0x00400e14                GPIOxInt_True
 .text.Read_EEPROM
                0x00400edc       0x34 main.o
                0x00400edc                Read_EEPROM
 .text.main     0x00400f10      0x1e8 main.o
                0x00400f10                main
 .text.__libc_init_array
                0x004010f8       0x48 c:/program files (x86)/atmel/studio/7.0/toolchain/arm/arm-gnu-toolchain/bin/../lib/gcc/arm-none-eabi/6.3.1/../../../../arm-none-eabi/lib/thumb/v7e-m\libc_nano.a(lib_a-init.o)
                0x004010f8                __libc_init_array
 *(.glue_7t)
 .glue_7t       0x00401140        0x0 linker stubs
 *(.glue_7)
 .glue_7        0x00401140        0x0 linker stubs
 *(.rodata .rodata* .gnu.linkonce.r.*)
 .rodata.str1.4
                0x00401140       0x1c hal/src/hal_i2c_m_sync.o
 .rodata.str1.4
                0x0040115c       0x14 hal/src/hal_io.o
 .rodata        0x00401170       0x3d hpl/pio/hpl_pio_ext.o
 *fill*         0x004011ad        0x3 
 .rodata.str1.4
                0x004011b0       0x19 hpl/pio/hpl_pio_ext.o
 *fill*         0x004011c9        0x3 
 .rodata        0x004011cc       0x18 hpl/twihs/hpl_twihs.o
 .rodata.str1.4
                0x004011e4       0x1c hpl/twihs/hpl_twihs.o
                                 0x19 (size before relaxing)
 *(.ARM.extab* .gnu.linkonce.armextab.*)
                0x00401200                . = ALIGN (0x4)
 *(.init)
 .init          0x00401200        0x4 c:/program files (x86)/atmel/studio/7.0/toolchain/arm/arm-gnu-toolchain/bin/../lib/gcc/arm-none-eabi/6.3.1/thumb/v7e-m/crti.o
                0x00401200                _init
 .init          0x00401204        0x8 c:/program files (x86)/atmel/studio/7.0/toolchain/arm/arm-gnu-toolchain/bin/../lib/gcc/arm-none-eabi/6.3.1/thumb/v7e-m/crtn.o
                0x0040120c                . = ALIGN (0x4)
                0x0040120c                __preinit_array_start = .
 *(.preinit_array)
                0x0040120c                __preinit_array_end = .
                0x0040120c                . = ALIGN (0x4)
                0x0040120c                __init_array_start = .
 *(SORT(.init_array.*))
 *(.init_array)
 .init_array    0x0040120c        0x4 c:/program files (x86)/atmel/studio/7.0/toolchain/arm/arm-gnu-toolchain/bin/../lib/gcc/arm-none-eabi/6.3.1/thumb/v7e-m/crtbegin.o
                0x00401210                __init_array_end = .
                0x00401210                . = ALIGN (0x4)
 *crtbegin.o(.ctors)
 *(EXCLUDE_FILE(*crtend.o) .ctors)
 *(SORT(.ctors.*))
 *crtend.o(.ctors)
                0x00401210                . = ALIGN (0x4)
 *(.fini)
 .fini          0x00401210        0x4 c:/program files (x86)/atmel/studio/7.0/toolchain/arm/arm-gnu-toolchain/bin/../lib/gcc/arm-none-eabi/6.3.1/thumb/v7e-m/crti.o
                0x00401210                _fini
 .fini          0x00401214        0x8 c:/program files (x86)/atmel/studio/7.0/toolchain/arm/arm-gnu-toolchain/bin/../lib/gcc/arm-none-eabi/6.3.1/thumb/v7e-m/crtn.o
                0x0040121c                . = ALIGN (0x4)
                0x0040121c                __fini_array_start = .
 *(.fini_array)
 .fini_array    0x0040121c        0x4 c:/program files (x86)/atmel/studio/7.0/toolchain/arm/arm-gnu-toolchain/bin/../lib/gcc/arm-none-eabi/6.3.1/thumb/v7e-m/crtbegin.o
 *(SORT(.fini_array.*))
                0x00401220                __fini_array_end = .
 *crtbegin.o(.dtors)
 *(EXCLUDE_FILE(*crtend.o) .dtors)
 *(SORT(.dtors.*))
 *crtend.o(.dtors)
                0x00401220                . = ALIGN (0x4)
                0x00401220                _efixed = .
                [!provide]                PROVIDE (__exidx_start, .)

.vfp11_veneer   0x00401220        0x0
 .vfp11_veneer  0x00401220        0x0 linker stubs

.v4_bx          0x00401220        0x0
 .v4_bx         0x00401220        0x0 linker stubs

.iplt           0x00401220        0x0
 .iplt          0x00401220        0x0 c:/program files (x86)/atmel/studio/7.0/toolchain/arm/arm-gnu-toolchain/bin/../lib/gcc/arm-none-eabi/6.3.1/thumb/v7e-m/crtbegin.o

.eh_frame       0x00401220        0x0
 .eh_frame      0x00401220        0x0 c:/program files (x86)/atmel/studio/7.0/toolchain/arm/arm-gnu-toolchain/bin/../lib/gcc/arm-none-eabi/6.3.1/thumb/v7e-m/crtbegin.o

.rel.dyn        0x00401220        0x0
 .rel.iplt      0x00401220        0x0 c:/program files (x86)/atmel/studio/7.0/toolchain/arm/arm-gnu-toolchain/bin/../lib/gcc/arm-none-eabi/6.3.1/thumb/v7e-m/crtbegin.o

.jcr            0x00401220        0x0
 .jcr           0x00401220        0x0 c:/program files (x86)/atmel/studio/7.0/toolchain/arm/arm-gnu-toolchain/bin/../lib/gcc/arm-none-eabi/6.3.1/thumb/v7e-m/crtbegin.o

.igot.plt       0x00401220        0x0
 .igot.plt      0x00401220        0x0 c:/program files (x86)/atmel/studio/7.0/toolchain/arm/arm-gnu-toolchain/bin/../lib/gcc/arm-none-eabi/6.3.1/thumb/v7e-m/crtbegin.o

.ARM.exidx
 *(.ARM.exidx* .gnu.linkonce.armexidx.*)
                [!provide]                PROVIDE (__exidx_end, .)
                0x00401220                . = ALIGN (0x4)
                0x00401220                _etext = .

.relocate       0x20400000        0x0 load address 0x00401220
                0x20400000                . = ALIGN (0x4)
                0x20400000                _srelocate = .
 *(.ramfunc .ramfunc.*)
 *(.data .data.*)
                0x20400000                . = ALIGN (0x4)
                0x20400000                _erelocate = .

.bss            0x20400000       0x7c
                0x20400000                . = ALIGN (0x4)
                0x20400000                _sbss = .
                0x20400000                _szero = .
 *(.bss .bss.*)
 .bss           0x20400000       0x1c c:/program files (x86)/atmel/studio/7.0/toolchain/arm/arm-gnu-toolchain/bin/../lib/gcc/arm-none-eabi/6.3.1/thumb/v7e-m/crtbegin.o
 .bss           0x2040001c        0x4 hal/src/hal_delay.o
 .bss           0x20400020       0x28 hal/src/hal_ext_irq.o
 .bss           0x20400048        0x4 hpl/pio/hpl_pio_ext.o
 .bss           0x2040004c        0x3 main.o
                0x2040004c                gpioX_FLAG
                0x2040004d                gpioX_int_CYC
                0x2040004e                dbgGPIOx_CNT
 *(COMMON)
 *fill*         0x2040004f        0x1 
 COMMON         0x20400050       0x20 driver_init.o
                0x20400050                I2C_0
 COMMON         0x20400070        0xa main.o
                0x20400070                gpioX1_new
                0x20400071                debugHOLD
                0x20400072                gpioX1_prev
                0x20400074                i2c_bus_io
                0x20400078                gpioX2_prev
                0x20400079                gpioX2_new
                0x2040007c                . = ALIGN (0x4)
 *fill*         0x2040007a        0x2 
                0x2040007c                _ebss = .
                0x2040007c                _ezero = .

.heap           0x2040007c      0x204
                0x20400080                . = ALIGN (0x8)
 *fill*         0x2040007c        0x4 
                0x20400080                _sheap = .
                0x20400280                . = (. + HEAP_SIZE)
 *fill*         0x20400080      0x200 
                0x20400280                . = ALIGN (0x8)
                0x20400280                _eheap = .

.stack          0x20400280      0x400
                0x20400280                . = ALIGN (0x8)
                0x20400280                _sstack = .
                0x20400680                . = (. + STACK_SIZE)
 *fill*         0x20400280      0x400 
                0x20400680                . = ALIGN (0x8)
                0x20400680                _estack = .
                0x20400680                . = ALIGN (0x4)
                0x20400680                _end = .
                0x2045ffff                _ram_end_ = ((ORIGIN (ram) + LENGTH (ram)) - 0x1)
OUTPUT(4500_LEDandBUTTONctrl.elf elf32-littlearm)

.ARM.attributes
                0x00000000       0x2e
 .ARM.attributes
                0x00000000       0x1e c:/program files (x86)/atmel/studio/7.0/toolchain/arm/arm-gnu-toolchain/bin/../lib/gcc/arm-none-eabi/6.3.1/thumb/v7e-m/crti.o
 .ARM.attributes
                0x0000001e       0x2e c:/program files (x86)/atmel/studio/7.0/toolchain/arm/arm-gnu-toolchain/bin/../lib/gcc/arm-none-eabi/6.3.1/thumb/v7e-m/crtbegin.o
 .ARM.attributes
                0x0000004c       0x37 atmel_start.o
 .ARM.attributes
                0x00000083       0x37 Device_Startup/startup_sams70j21.o
 .ARM.attributes
                0x000000ba       0x37 driver_init.o
 .ARM.attributes
                0x000000f1       0x37 hal/src/hal_atomic.o
 .ARM.attributes
                0x00000128       0x37 hal/src/hal_delay.o
 .ARM.attributes
                0x0000015f       0x37 hal/src/hal_ext_irq.o
 .ARM.attributes
                0x00000196       0x37 hal/src/hal_i2c_m_sync.o
 .ARM.attributes
                0x000001cd       0x37 hal/src/hal_io.o
 .ARM.attributes
                0x00000204       0x37 hal/utils/src/utils_assert.o
 .ARM.attributes
                0x0000023b       0x37 hpl/core/hpl_core_m7_base.o
 .ARM.attributes
                0x00000272       0x37 hpl/core/hpl_init.o
 .ARM.attributes
                0x000002a9       0x37 hpl/pio/hpl_pio_ext.o
 .ARM.attributes
                0x000002e0       0x37 hpl/pmc/hpl_pmc.o
 .ARM.attributes
                0x00000317       0x37 hpl/systick/hpl_systick_ARMv7_base.o
 .ARM.attributes
                0x0000034e       0x37 hpl/twihs/hpl_twihs.o
 .ARM.attributes
                0x00000385       0x37 main.o
 .ARM.attributes
                0x000003bc       0x2e c:/program files (x86)/atmel/studio/7.0/toolchain/arm/arm-gnu-toolchain/bin/../lib/gcc/arm-none-eabi/6.3.1/../../../../arm-none-eabi/lib/thumb/v7e-m\libc_nano.a(lib_a-init.o)
 .ARM.attributes
                0x000003ea       0x1e c:/program files (x86)/atmel/studio/7.0/toolchain/arm/arm-gnu-toolchain/bin/../lib/gcc/arm-none-eabi/6.3.1/thumb/v7e-m/crtn.o

.comment        0x00000000       0x59
 .comment       0x00000000       0x59 atmel_start.o
                                 0x5a (size before relaxing)
 .comment       0x00000059       0x5a Device_Startup/startup_sams70j21.o
 .comment       0x00000059       0x5a driver_init.o
 .comment       0x00000059       0x5a hal/src/hal_atomic.o
 .comment       0x00000059       0x5a hal/src/hal_delay.o
 .comment       0x00000059       0x5a hal/src/hal_ext_irq.o
 .comment       0x00000059       0x5a hal/src/hal_i2c_m_sync.o
 .comment       0x00000059       0x5a hal/src/hal_io.o
 .comment       0x00000059       0x5a hal/utils/src/utils_assert.o
 .comment       0x00000059       0x5a hpl/core/hpl_core_m7_base.o
 .comment       0x00000059       0x5a hpl/core/hpl_init.o
 .comment       0x00000059       0x5a hpl/pio/hpl_pio_ext.o
 .comment       0x00000059       0x5a hpl/pmc/hpl_pmc.o
 .comment       0x00000059       0x5a hpl/systick/hpl_systick_ARMv7_base.o
 .comment       0x00000059       0x5a hpl/twihs/hpl_twihs.o
 .comment       0x00000059       0x5a main.o

.debug_info     0x00000000     0xa1bb
 .debug_info    0x00000000      0x2bc atmel_start.o
 .debug_info    0x000002bc      0xaca Device_Startup/startup_sams70j21.o
 .debug_info    0x00000d86     0x2b71 driver_init.o
 .debug_info    0x000038f7      0x1fa hal/src/hal_atomic.o
 .debug_info    0x00003af1      0x205 hal/src/hal_delay.o
 .debug_info    0x00003cf6      0x38a hal/src/hal_ext_irq.o
 .debug_info    0x00004080      0x89f hal/src/hal_i2c_m_sync.o
 .debug_info    0x0000491f      0x311 hal/src/hal_io.o
 .debug_info    0x00004c30      0x130 hal/utils/src/utils_assert.o
 .debug_info    0x00004d60      0xca5 hpl/core/hpl_core_m7_base.o
 .debug_info    0x00005a05      0x6be hpl/core/hpl_init.o
 .debug_info    0x000060c3     0x12c2 hpl/pio/hpl_pio_ext.o
 .debug_info    0x00007385      0x894 hpl/pmc/hpl_pmc.o
 .debug_info    0x00007c19      0x289 hpl/systick/hpl_systick_ARMv7_base.o
 .debug_info    0x00007ea2      0xe70 hpl/twihs/hpl_twihs.o
 .debug_info    0x00008d12     0x14a9 main.o

.debug_abbrev   0x00000000     0x1e01
 .debug_abbrev  0x00000000       0xf2 atmel_start.o
 .debug_abbrev  0x000000f2      0x153 Device_Startup/startup_sams70j21.o
 .debug_abbrev  0x00000245      0x2f7 driver_init.o
 .debug_abbrev  0x0000053c      0x155 hal/src/hal_atomic.o
 .debug_abbrev  0x00000691       0xf9 hal/src/hal_delay.o
 .debug_abbrev  0x0000078a      0x191 hal/src/hal_ext_irq.o
 .debug_abbrev  0x0000091b      0x1b7 hal/src/hal_i2c_m_sync.o
 .debug_abbrev  0x00000ad2      0x12d hal/src/hal_io.o
 .debug_abbrev  0x00000bff       0x9e hal/utils/src/utils_assert.o
 .debug_abbrev  0x00000c9d      0x293 hpl/core/hpl_core_m7_base.o
 .debug_abbrev  0x00000f30      0x1e7 hpl/core/hpl_init.o
 .debug_abbrev  0x00001117      0x360 hpl/pio/hpl_pio_ext.o
 .debug_abbrev  0x00001477      0x1b7 hpl/pmc/hpl_pmc.o
 .debug_abbrev  0x0000162e      0x174 hpl/systick/hpl_systick_ARMv7_base.o
 .debug_abbrev  0x000017a2      0x2b4 hpl/twihs/hpl_twihs.o
 .debug_abbrev  0x00001a56      0x3ab main.o

.debug_loc      0x00000000     0x366d
 .debug_loc     0x00000000       0x20 atmel_start.o
 .debug_loc     0x00000020       0x78 Device_Startup/startup_sams70j21.o
 .debug_loc     0x00000098      0xd8b driver_init.o
 .debug_loc     0x00000e23       0x13 hal/src/hal_atomic.o
 .debug_loc     0x00000e36       0xc3 hal/src/hal_delay.o
 .debug_loc     0x00000ef9      0x361 hal/src/hal_ext_irq.o
 .debug_loc     0x0000125a      0x764 hal/src/hal_i2c_m_sync.o
 .debug_loc     0x000019be      0x132 hal/src/hal_io.o
 .debug_loc     0x00001af0      0x23a hpl/core/hpl_core_m7_base.o
 .debug_loc     0x00001d2a       0x77 hpl/core/hpl_init.o
 .debug_loc     0x00001da1      0x66f hpl/pio/hpl_pio_ext.o
 .debug_loc     0x00002410      0x204 hpl/pmc/hpl_pmc.o
 .debug_loc     0x00002614      0x127 hpl/systick/hpl_systick_ARMv7_base.o
 .debug_loc     0x0000273b      0x8ef hpl/twihs/hpl_twihs.o
 .debug_loc     0x0000302a      0x643 main.o

.debug_aranges  0x00000000      0x468
 .debug_aranges
                0x00000000       0x20 atmel_start.o
 .debug_aranges
                0x00000020       0x28 Device_Startup/startup_sams70j21.o
 .debug_aranges
                0x00000048       0x50 driver_init.o
 .debug_aranges
                0x00000098       0x30 hal/src/hal_atomic.o
 .debug_aranges
                0x000000c8       0x38 hal/src/hal_delay.o
 .debug_aranges
                0x00000100       0x50 hal/src/hal_ext_irq.o
 .debug_aranges
                0x00000150       0x88 hal/src/hal_i2c_m_sync.o
 .debug_aranges
                0x000001d8       0x30 hal/src/hal_io.o
 .debug_aranges
                0x00000208       0x20 hal/utils/src/utils_assert.o
 .debug_aranges
                0x00000228       0x70 hpl/core/hpl_core_m7_base.o
 .debug_aranges
                0x00000298       0x20 hpl/core/hpl_init.o
 .debug_aranges
                0x000002b8       0x68 hpl/pio/hpl_pio_ext.o
 .debug_aranges
                0x00000320       0x30 hpl/pmc/hpl_pmc.o
 .debug_aranges
                0x00000350       0x48 hpl/systick/hpl_systick_ARMv7_base.o
 .debug_aranges
                0x00000398       0x60 hpl/twihs/hpl_twihs.o
 .debug_aranges
                0x000003f8       0x70 main.o

.debug_ranges   0x00000000      0x3b8
 .debug_ranges  0x00000000       0x10 atmel_start.o
 .debug_ranges  0x00000010       0x18 Device_Startup/startup_sams70j21.o
 .debug_ranges  0x00000028       0x40 driver_init.o
 .debug_ranges  0x00000068       0x20 hal/src/hal_atomic.o
 .debug_ranges  0x00000088       0x28 hal/src/hal_delay.o
 .debug_ranges  0x000000b0       0x40 hal/src/hal_ext_irq.o
 .debug_ranges  0x000000f0       0x78 hal/src/hal_i2c_m_sync.o
 .debug_ranges  0x00000168       0x20 hal/src/hal_io.o
 .debug_ranges  0x00000188       0x10 hal/utils/src/utils_assert.o
 .debug_ranges  0x00000198       0x60 hpl/core/hpl_core_m7_base.o
 .debug_ranges  0x000001f8       0x10 hpl/core/hpl_init.o
 .debug_ranges  0x00000208       0x58 hpl/pio/hpl_pio_ext.o
 .debug_ranges  0x00000260       0x20 hpl/pmc/hpl_pmc.o
 .debug_ranges  0x00000280       0x38 hpl/systick/hpl_systick_ARMv7_base.o
 .debug_ranges  0x000002b8       0x88 hpl/twihs/hpl_twihs.o
 .debug_ranges  0x00000340       0x78 main.o

.debug_macro    0x00000000    0x2b459
 .debug_macro   0x00000000      0x5d6 atmel_start.o
 .debug_macro   0x000005d6      0x8b0 atmel_start.o
 .debug_macro   0x00000e86      0x16d atmel_start.o
 .debug_macro   0x00000ff3       0x22 atmel_start.o
 .debug_macro   0x00001015       0x87 atmel_start.o
 .debug_macro   0x0000109c       0x51 atmel_start.o
 .debug_macro   0x000010ed       0xef atmel_start.o
 .debug_macro   0x000011dc       0x6a atmel_start.o
 .debug_macro   0x00001246      0x1df atmel_start.o
 .debug_macro   0x00001425       0x22 atmel_start.o
 .debug_macro   0x00001447       0xd7 atmel_start.o
 .debug_macro   0x0000151e       0x1c atmel_start.o
 .debug_macro   0x0000153a       0x22 atmel_start.o
 .debug_macro   0x0000155c       0xdf atmel_start.o
 .debug_macro   0x0000163b     0x12cd atmel_start.o
 .debug_macro   0x00002908      0x11f atmel_start.o
 .debug_macro   0x00002a27       0x19 atmel_start.o
 .debug_macro   0x00002a40      0x3e2 atmel_start.o
 .debug_macro   0x00002e22      0x592 atmel_start.o
 .debug_macro   0x000033b4     0x1797 atmel_start.o
 .debug_macro   0x00004b4b      0x3bb atmel_start.o
 .debug_macro   0x00004f06      0x830 atmel_start.o
 .debug_macro   0x00005736      0x316 atmel_start.o
 .debug_macro   0x00005a4c       0x40 atmel_start.o
 .debug_macro   0x00005a8c      0x555 atmel_start.o
 .debug_macro   0x00005fe1      0xb8f atmel_start.o
 .debug_macro   0x00006b70      0x473 atmel_start.o
 .debug_macro   0x00006fe3     0x83ff atmel_start.o
 .debug_macro   0x0000f3e2     0x31de atmel_start.o
 .debug_macro   0x000125c0     0x2444 atmel_start.o
 .debug_macro   0x00014a04      0x87f atmel_start.o
 .debug_macro   0x00015283      0x17d atmel_start.o
 .debug_macro   0x00015400      0x118 atmel_start.o
 .debug_macro   0x00015518      0x909 atmel_start.o
 .debug_macro   0x00015e21      0x125 atmel_start.o
 .debug_macro   0x00015f46      0xb64 atmel_start.o
 .debug_macro   0x00016aaa      0xf03 atmel_start.o
 .debug_macro   0x000179ad      0xbb3 atmel_start.o
 .debug_macro   0x00018560      0x124 atmel_start.o
 .debug_macro   0x00018684      0xbc2 atmel_start.o
 .debug_macro   0x00019246      0x5c5 atmel_start.o
 .debug_macro   0x0001980b     0x121d atmel_start.o
 .debug_macro   0x0001aa28     0x3513 atmel_start.o
 .debug_macro   0x0001df3b       0xc4 atmel_start.o
 .debug_macro   0x0001dfff      0x12d atmel_start.o
 .debug_macro   0x0001e12c     0x2787 atmel_start.o
 .debug_macro   0x000208b3       0x46 atmel_start.o
 .debug_macro   0x000208f9      0x147 atmel_start.o
 .debug_macro   0x00020a40       0xc4 atmel_start.o
 .debug_macro   0x00020b04       0xc4 atmel_start.o
 .debug_macro   0x00020bc8       0x16 atmel_start.o
 .debug_macro   0x00020bde       0x76 atmel_start.o
 .debug_macro   0x00020c54       0x40 atmel_start.o
 .debug_macro   0x00020c94       0x40 atmel_start.o
 .debug_macro   0x00020cd4       0x82 atmel_start.o
 .debug_macro   0x00020d56       0xa6 atmel_start.o
 .debug_macro   0x00020dfc      0x10c atmel_start.o
 .debug_macro   0x00020f08      0x180 atmel_start.o
 .debug_macro   0x00021088      0x179 atmel_start.o
 .debug_macro   0x00021201      0x179 atmel_start.o
 .debug_macro   0x0002137a      0x121 atmel_start.o
 .debug_macro   0x0002149b      0x313 atmel_start.o
 .debug_macro   0x000217ae      0x313 atmel_start.o
 .debug_macro   0x00021ac1       0x7c atmel_start.o
 .debug_macro   0x00021b3d       0x22 atmel_start.o
 .debug_macro   0x00021b5f       0x22 atmel_start.o
 .debug_macro   0x00021b81       0x58 atmel_start.o
 .debug_macro   0x00021bd9       0x28 atmel_start.o
 .debug_macro   0x00021c01       0x88 atmel_start.o
 .debug_macro   0x00021c89       0x34 atmel_start.o
 .debug_macro   0x00021cbd      0x146 atmel_start.o
 .debug_macro   0x00021e03      0x146 atmel_start.o
 .debug_macro   0x00021f49      0x146 atmel_start.o
 .debug_macro   0x0002208f      0x146 atmel_start.o
 .debug_macro   0x000221d5       0x34 atmel_start.o
 .debug_macro   0x00022209       0x7c atmel_start.o
 .debug_macro   0x00022285       0x7c atmel_start.o
 .debug_macro   0x00022301       0x5e atmel_start.o
 .debug_macro   0x0002235f       0x5e atmel_start.o
 .debug_macro   0x000223bd       0x5e atmel_start.o
 .debug_macro   0x0002241b       0xd6 atmel_start.o
 .debug_macro   0x000224f1       0xd6 atmel_start.o
 .debug_macro   0x000225c7      0x718 atmel_start.o
 .debug_macro   0x00022cdf       0x16 atmel_start.o
 .debug_macro   0x00022cf5       0x22 atmel_start.o
 .debug_macro   0x00022d17      0x9b8 atmel_start.o
 .debug_macro   0x000236cf      0x441 atmel_start.o
 .debug_macro   0x00023b10     0x1225 atmel_start.o
 .debug_macro   0x00024d35      0x169 atmel_start.o
 .debug_macro   0x00024e9e       0x10 atmel_start.o
 .debug_macro   0x00024eae       0x10 atmel_start.o
 .debug_macro   0x00024ebe       0x16 atmel_start.o
 .debug_macro   0x00024ed4       0x16 atmel_start.o
 .debug_macro   0x00024eea       0x16 atmel_start.o
 .debug_macro   0x00024f00       0x16 atmel_start.o
 .debug_macro   0x00024f16       0x16 atmel_start.o
 .debug_macro   0x00024f2c       0x16 atmel_start.o
 .debug_macro   0x00024f42       0x16 atmel_start.o
 .debug_macro   0x00024f58       0x16 atmel_start.o
 .debug_macro   0x00024f6e       0x16 atmel_start.o
 .debug_macro   0x00024f84       0x16 atmel_start.o
 .debug_macro   0x00024f9a       0x16 atmel_start.o
 .debug_macro   0x00024fb0       0x16 atmel_start.o
 .debug_macro   0x00024fc6       0x16 atmel_start.o
 .debug_macro   0x00024fdc       0x16 atmel_start.o
 .debug_macro   0x00024ff2       0x16 atmel_start.o
 .debug_macro   0x00025008       0x16 atmel_start.o
 .debug_macro   0x0002501e       0x16 atmel_start.o
 .debug_macro   0x00025034       0x16 atmel_start.o
 .debug_macro   0x0002504a       0x16 atmel_start.o
 .debug_macro   0x00025060       0x16 atmel_start.o
 .debug_macro   0x00025076       0x16 atmel_start.o
 .debug_macro   0x0002508c       0x16 atmel_start.o
 .debug_macro   0x000250a2       0x16 atmel_start.o
 .debug_macro   0x000250b8       0x16 atmel_start.o
 .debug_macro   0x000250ce       0x16 atmel_start.o
 .debug_macro   0x000250e4       0x16 atmel_start.o
 .debug_macro   0x000250fa       0x16 atmel_start.o
 .debug_macro   0x00025110       0x16 atmel_start.o
 .debug_macro   0x00025126       0xca atmel_start.o
 .debug_macro   0x000251f0       0x1c atmel_start.o
 .debug_macro   0x0002520c       0x16 atmel_start.o
 .debug_macro   0x00025222       0x6a atmel_start.o
 .debug_macro   0x0002528c       0x70 atmel_start.o
 .debug_macro   0x000252fc      0x384 Device_Startup/startup_sams70j21.o
 .debug_macro   0x00025680       0xd1 Device_Startup/startup_sams70j21.o
 .debug_macro   0x00025751      0x5e8 driver_init.o
 .debug_macro   0x00025d39       0x10 driver_init.o
 .debug_macro   0x00025d49       0x3a driver_init.o
 .debug_macro   0x00025d83       0xc9 driver_init.o
 .debug_macro   0x00025e4c      0x4f9 hal/src/hal_atomic.o
 .debug_macro   0x00026345      0x530 hal/src/hal_delay.o
 .debug_macro   0x00026875      0x515 hal/src/hal_ext_irq.o
 .debug_macro   0x00026d8a      0x539 hal/src/hal_i2c_m_sync.o
 .debug_macro   0x000272c3       0x6a hal/src/hal_i2c_m_sync.o
 .debug_macro   0x0002732d      0x50e hal/src/hal_io.o
 .debug_macro   0x0002783b      0x503 hal/utils/src/utils_assert.o
 .debug_macro   0x00027d3e       0x10 hal/utils/src/utils_assert.o
 .debug_macro   0x00027d4e      0x559 hpl/core/hpl_core_m7_base.o
 .debug_macro   0x000282a7      0x571 hpl/core/hpl_init.o
 .debug_macro   0x00028818      0x324 hpl/core/hpl_init.o
 .debug_macro   0x00028b3c      0x9df hpl/core/hpl_init.o
 .debug_macro   0x0002951b      0x553 hpl/pio/hpl_pio_ext.o
 .debug_macro   0x00029a6e      0x3df hpl/pio/hpl_pio_ext.o
 .debug_macro   0x00029e4d      0x522 hpl/pmc/hpl_pmc.o
 .debug_macro   0x0002a36f      0x508 hpl/systick/hpl_systick_ARMv7_base.o
 .debug_macro   0x0002a877       0x10 hpl/systick/hpl_systick_ARMv7_base.o
 .debug_macro   0x0002a887      0x531 hpl/twihs/hpl_twihs.o
 .debug_macro   0x0002adb8       0x84 hpl/twihs/hpl_twihs.o
 .debug_macro   0x0002ae3c      0x61d main.o

.debug_line     0x00000000     0xb40b
 .debug_line    0x00000000      0xb74 atmel_start.o
 .debug_line    0x00000b74      0x76e Device_Startup/startup_sams70j21.o
 .debug_line    0x000012e2      0xd15 driver_init.o
 .debug_line    0x00001ff7      0xa79 hal/src/hal_atomic.o
 .debug_line    0x00002a70      0xaad hal/src/hal_delay.o
 .debug_line    0x0000351d      0xb23 hal/src/hal_ext_irq.o
 .debug_line    0x00004040      0xba0 hal/src/hal_i2c_m_sync.o
 .debug_line    0x00004be0      0xa71 hal/src/hal_io.o
 .debug_line    0x00005651      0xa4e hal/utils/src/utils_assert.o
 .debug_line    0x0000609f      0xbd5 hpl/core/hpl_core_m7_base.o
 .debug_line    0x00006c74      0xb34 hpl/core/hpl_init.o
 .debug_line    0x000077a8      0xc6c hpl/pio/hpl_pio_ext.o
 .debug_line    0x00008414      0xb3f hpl/pmc/hpl_pmc.o
 .debug_line    0x00008f53      0xae8 hpl/systick/hpl_systick_ARMv7_base.o
 .debug_line    0x00009a3b      0xcc6 hpl/twihs/hpl_twihs.o
 .debug_line    0x0000a701      0xd0a main.o

.debug_str      0x00000000    0xdb465
 .debug_str     0x00000000    0xcfdcd atmel_start.o
                              0xd03c7 (size before relaxing)
 .debug_str     0x000cfdcd      0x6d1 Device_Startup/startup_sams70j21.o
                              0xcf3b1 (size before relaxing)
 .debug_str     0x000d049e      0xf83 driver_init.o
                              0xd13cc (size before relaxing)
 .debug_str     0x000d1421       0xbe hal/src/hal_atomic.o
                              0xcfdd0 (size before relaxing)
 .debug_str     0x000d14df       0x9b hal/src/hal_delay.o
                              0xcfe3a (size before relaxing)
 .debug_str     0x000d157a       0xd6 hal/src/hal_ext_irq.o
                              0xcfe8d (size before relaxing)
 .debug_str     0x000d1650      0x156 hal/src/hal_i2c_m_sync.o
                              0xd06c1 (size before relaxing)
 .debug_str     0x000d17a6       0x3d hal/src/hal_io.o
                              0xcfe6b (size before relaxing)
 .debug_str     0x000d17e3       0x2f hal/utils/src/utils_assert.o
                              0xcfde0 (size before relaxing)
 .debug_str     0x000d1812      0x498 hpl/core/hpl_core_m7_base.o
                              0xd0a8d (size before relaxing)
 .debug_str     0x000d1caa     0x3073 hpl/core/hpl_init.o
                              0xd31e8 (size before relaxing)
 .debug_str     0x000d4d1d     0x5a2a hpl/pio/hpl_pio_ext.o
                              0xd62f9 (size before relaxing)
 .debug_str     0x000da747      0x1d6 hpl/pmc/hpl_pmc.o
                              0xd0e18 (size before relaxing)
 .debug_str     0x000da91d       0xde hpl/systick/hpl_systick_ARMv7_base.o
                              0xcfe39 (size before relaxing)
 .debug_str     0x000da9fb      0x780 hpl/twihs/hpl_twihs.o
                              0xd0e18 (size before relaxing)
 .debug_str     0x000db17b      0x2ea main.o
                              0xd0a61 (size before relaxing)

.debug_frame    0x00000000      0x978
 .debug_frame   0x00000000       0x28 atmel_start.o
 .debug_frame   0x00000028       0x38 Device_Startup/startup_sams70j21.o
 .debug_frame   0x00000060       0x98 driver_init.o
 .debug_frame   0x000000f8       0x40 hal/src/hal_atomic.o
 .debug_frame   0x00000138       0x68 hal/src/hal_delay.o
 .debug_frame   0x000001a0       0xc4 hal/src/hal_ext_irq.o
 .debug_frame   0x00000264      0x174 hal/src/hal_i2c_m_sync.o
 .debug_frame   0x000003d8       0x58 hal/src/hal_io.o
 .debug_frame   0x00000430       0x20 hal/utils/src/utils_assert.o
 .debug_frame   0x00000450       0xcc hpl/core/hpl_core_m7_base.o
 .debug_frame   0x0000051c       0x2c hpl/core/hpl_init.o
 .debug_frame   0x00000548      0x118 hpl/pio/hpl_pio_ext.o
 .debug_frame   0x00000660       0x48 hpl/pmc/hpl_pmc.o
 .debug_frame   0x000006a8       0x78 hpl/systick/hpl_systick_ARMv7_base.o
 .debug_frame   0x00000720       0xf8 hpl/twihs/hpl_twihs.o
 .debug_frame   0x00000818      0x134 main.o
 .debug_frame   0x0000094c       0x2c c:/program files (x86)/atmel/studio/7.0/toolchain/arm/arm-gnu-toolchain/bin/../lib/gcc/arm-none-eabi/6.3.1/../../../../arm-none-eabi/lib/thumb/v7e-m\libc_nano.a(lib_a-init.o)
